// Jest Snapshot v1, https://goo.gl/fbAQLP

exports[`Swiping page 1`] = `
<div>
  hi
</div>
`;
